** Drc report for Notecarrier-F.kicad_pcb **
** Created on 2026-09-18T09:40:34-0500 **
** Report includes: Errors, Warnings, Exclusions **

** Found 232 DRC violations **
[via_dangling]: Via is not connected or connected on only one layer
    Local override; warning
    @(132.4011 mm, 138.0036 mm): Via [ALT_DFU_ACTIVE] on Top Layer - Bottom Layer
[via_dangling]: Via is not connected or connected on only one layer
    Local override; warning
    @(135.1461 mm, 137.5786 mm): Via [ALT_DFU_ACTIVE] on Top Layer - Bottom Layer
[via_dangling]: Via is not connected or connected on only one layer
    Local override; warning
    @(146.7511 mm, 73.8636 mm): Via [1V8] on Top Layer - Bottom Layer
[silk_edge_clearance]: Silkscreen clipped by board edge
    Rule: board setup constraints silk; warning
    @(123.1011 mm, 56.0436 mm): Segment on Edge.Cuts
    @(123.0011 mm, 62.2036 mm): Segment of J10 on Top Overlay
[silk_edge_clearance]: Silkscreen clipped by board edge
    Rule: board setup constraints silk; warning
    @(123.1011 mm, 56.0436 mm): Segment on Edge.Cuts
    @(123.0011 mm, 62.2036 mm): Segment of J10 on Top Overlay
[silk_edge_clearance]: Silkscreen clipped by board edge
    Rule: board setup constraints silk; warning
    @(123.1011 mm, 56.0436 mm): Segment on Edge.Cuts
    @(123.0011 mm, 123.2036 mm): Segment of J10 on Top Overlay
[silk_edge_clearance]: Silkscreen clipped by board edge
    Rule: board setup constraints silk; warning
    @(173.9011 mm, 153.9636 mm): Segment on Edge.Cuts
    @(171.0011 mm, 62.2036 mm): Segment of J9 on Top Overlay
[silk_edge_clearance]: Silkscreen clipped by board edge
    Rule: board setup constraints silk; warning
    @(173.9011 mm, 153.9636 mm): Segment on Edge.Cuts
    @(171.0011 mm, 123.2036 mm): Segment of J9 on Top Overlay
[silk_edge_clearance]: Silkscreen clipped by board edge
    Rule: board setup constraints silk; warning
    @(173.9011 mm, 153.9636 mm): Segment on Edge.Cuts
    @(174.0011 mm, 123.2036 mm): Segment of J9 on Top Overlay
[silk_edge_clearance]: Silkscreen clipped by board edge
    Rule: board setup constraints silk; warning
    @(125.6411 mm, 156.5036 mm): Segment on Edge.Cuts
    @(133.8011 mm, 157.1536 mm): Segment of J4 on Top Overlay
[silk_edge_clearance]: Silkscreen clipped by board edge
    Rule: board setup constraints silk; warning
    @(125.6411 mm, 156.5036 mm): Segment on Edge.Cuts
    @(141.2011 mm, 157.1536 mm): Segment of J4 on Top Overlay
[padstack]: Padstack is questionable (negative solder paste margin is larger than pad; no solder paste mask will be generated)
    Local override; warning
    @(159.5011 mm, 60.7536 mm): Pad 1 [GND] of J2 on Top Layer
[padstack]: Padstack is questionable (negative solder paste margin is larger than pad; no solder paste mask will be generated)
    Local override; warning
    @(161.5011 mm, 60.7536 mm): Pad 2 [Net-(DS4-A1)] of J2 on Top Layer
[padstack]: Padstack is questionable (negative solder paste margin is larger than pad; no solder paste mask will be generated)
    Local override; warning
    @(135.5011 mm, 60.7536 mm): Pad 1 [GND] of J1 on Top Layer
[padstack]: Padstack is questionable (negative solder paste margin is larger than pad; no solder paste mask will be generated)
    Local override; warning
    @(137.5011 mm, 60.7536 mm): Pad 2 [V+] of J1 on Top Layer
[padstack]: Padstack is questionable (negative solder paste margin is larger than pad; no solder paste mask will be generated)
    Local override; warning
    @(147.5011 mm, 60.7536 mm): Pad 1 [GND] of J3 on Top Layer
[padstack]: Padstack is questionable (negative solder paste margin is larger than pad; no solder paste mask will be generated)
    Local override; warning
    @(149.5011 mm, 60.7536 mm): Pad 2 [VBAT] of J3 on Top Layer
[lib_footprint_mismatch]: Footprint 'NPTH_free_hole' does not match copy in library 'Notecarrier-F-altium-import'.
    Local override; warning
    @(169.3511 mm, 51.2536 mm): Footprint H9
[lib_footprint_mismatch]: Footprint 'DIST-WASMSIM0250' does not match copy in library 'Notecarrier-F-altium-import'.
    Local override; warning
    @(148.5011 mm, 81.7536 mm): Footprint OBJ1
[lib_footprint_mismatch]: Footprint 'NPTH_free_hole' does not match copy in library 'Notecarrier-F-altium-import'.
    Local override; warning
    @(167.1011 mm, 158.7536 mm): Footprint H46
[lib_footprint_mismatch]: Footprint 'NPTH_free_hole' does not match copy in library 'Notecarrier-F-altium-import'.
    Local override; warning
    @(168.1011 mm, 51.2536 mm): Footprint H8
[lib_footprint_mismatch]: Footprint 'NPTH_free_hole' does not match copy in library 'Notecarrier-F-altium-import'.
    Local override; warning
    @(166.8511 mm, 53.7536 mm): Footprint H17
[lib_footprint_mismatch]: Footprint 'NPTH_free_hole' does not match copy in library 'Notecarrier-F-altium-import'.
    Local override; warning
    @(165.6011 mm, 53.7536 mm): Footprint H16
[lib_footprint_mismatch]: Footprint 'NPTH_free_hole' does not match copy in library 'Notecarrier-F-altium-import'.
    Local override; warning
    @(166.8511 mm, 51.2536 mm): Footprint H7
[lib_footprint_mismatch]: Footprint 'NPTH_free_hole' does not match copy in library 'Notecarrier-F-altium-import'.
    Local override; warning
    @(168.3511 mm, 158.7536 mm): Footprint H47
[lib_footprint_mismatch]: Footprint 'NPTH_free_hole' does not match copy in library 'Notecarrier-F-altium-import'.
    Local override; warning
    @(170.6011 mm, 51.2536 mm): Footprint H10
[lib_footprint_mismatch]: Footprint 'NPTH_free_hole' does not match copy in library 'Notecarrier-F-altium-import'.
    Local override; warning
    @(165.8511 mm, 156.2536 mm): Footprint H35
[lib_footprint_mismatch]: Footprint 'NPTH_free_hole' does not match copy in library 'Notecarrier-F-altium-import'.
    Local override; warning
    @(170.6011 mm, 53.7536 mm): Footprint H20
[lib_footprint_mismatch]: Footprint 'NPTH_free_hole' does not match copy in library 'Notecarrier-F-altium-import'.
    Local override; warning
    @(167.1011 mm, 156.2536 mm): Footprint H36
[lib_footprint_mismatch]: Footprint 'NPTH_free_hole' does not match copy in library 'Notecarrier-F-altium-import'.
    Local override; warning
    @(169.6011 mm, 156.2536 mm): Footprint H38
[lib_footprint_mismatch]: Footprint 'NPTH_free_hole' does not match copy in library 'Notecarrier-F-altium-import'.
    Local override; warning
    @(168.1011 mm, 53.7536 mm): Footprint H18
[lib_footprint_mismatch]: Footprint 'NPTH_free_hole' does not match copy in library 'Notecarrier-F-altium-import'.
    Local override; warning
    @(165.8511 mm, 158.7536 mm): Footprint H45
[lib_footprint_mismatch]: Footprint 'NPTH_free_hole' does not match copy in library 'Notecarrier-F-altium-import'.
    Local override; warning
    @(164.6011 mm, 158.7536 mm): Footprint H44
[lib_footprint_mismatch]: Footprint 'NPTH_free_hole' does not match copy in library 'Notecarrier-F-altium-import'.
    Local override; warning
    @(169.3511 mm, 53.7536 mm): Footprint H19
[lib_footprint_mismatch]: Footprint 'NPTH_free_hole' does not match copy in library 'Notecarrier-F-altium-import'.
    Local override; warning
    @(169.6011 mm, 158.7536 mm): Footprint H48
[lib_footprint_mismatch]: Footprint 'NPTH_free_hole' does not match copy in library 'Notecarrier-F-altium-import'.
    Local override; warning
    @(164.6011 mm, 156.2536 mm): Footprint H34
[lib_footprint_mismatch]: Footprint 'NPTH_free_hole' does not match copy in library 'Notecarrier-F-altium-import'.
    Local override; warning
    @(165.6011 mm, 51.2536 mm): Footprint H6
[lib_footprint_mismatch]: Footprint 'NPTH_free_hole' does not match copy in library 'Notecarrier-F-altium-import'.
    Local override; warning
    @(168.3511 mm, 156.2536 mm): Footprint H37
[lib_footprint_mismatch]: Footprint 'SW_CJS-1200TA' does not match copy in library 'Notecarrier-F-altium-import'.
    Local override; warning
    @(158.5091 mm, 106.2976 mm): Footprint SW4
[lib_footprint_mismatch]: Footprint 'SMB' does not match copy in library 'Notecarrier-F-altium-import'.
    Local override; warning
    @(148.4511 mm, 61.6636 mm): Footprint TVS1
[lib_footprint_mismatch]: Footprint 'SMB' does not match copy in library 'Notecarrier-F-altium-import'.
    Local override; warning
    @(134.7261 mm, 66.2786 mm): Footprint DS7
[lib_footprint_mismatch]: Footprint 'SMB' does not match copy in library 'Notecarrier-F-altium-import'.
    Local override; warning
    @(151.4861 mm, 141.6536 mm): Footprint DS6
[lib_footprint_mismatch]: Footprint 'RESCAXS80P640X160X50-16N' does not match copy in library 'Notecarrier-F-altium-import'.
    Local override; warning
    @(135.7261 mm, 98.6036 mm): Footprint R20
[text_thickness]: Text thickness out of range (TrueType font characters with insufficient stroke weight)
    Rule: board setup constraints silk text thickness; warning
    @(133.3011 mm, 150.7396 mm): PCB text 'NOTECARD USB' on Top Overlay
[text_thickness]: Text thickness out of range (TrueType font characters with insufficient stroke weight)
    Rule: board setup constraints silk text thickness; warning
    @(146.8011 mm, 150.7396 mm): PCB text 'QWIIC' on Top Overlay
[text_thickness]: Text thickness out of range (TrueType font characters with insufficient stroke weight)
    Rule: board setup constraints silk text thickness; warning
    @(157.8011 mm, 150.7396 mm): PCB text 'QWIIC' on Top Overlay
[text_thickness]: Text thickness out of range (TrueType font characters with insufficient stroke weight)
    Rule: board setup constraints silk text thickness; warning
    @(131.1511 mm, 122.7566 mm): PCB text 'N_NRST' on Top Overlay
[text_thickness]: Text thickness out of range (TrueType font characters with insufficient stroke weight)
    Rule: board setup constraints silk text thickness; warning
    @(161.1011 mm, 115.2566 mm): PCB text 'RTX' on Top Overlay
[text_thickness]: Text thickness out of range (TrueType font characters with insufficient stroke weight)
    Rule: board setup constraints silk text thickness; warning
    @(161.1011 mm, 122.4566 mm): PCB text 'CTX' on Top Overlay
[text_thickness]: Text thickness out of range (TrueType font characters with insufficient stroke weight)
    Rule: board setup constraints silk text thickness; warning
    @(141.3011 mm, 94.3056 mm): PCB text 'FEATHER_EN' on Bottom Overlay
[text_height]: Text height out of range (board setup constraints silk text height min height 0.8000 mm; actual 0.6000 mm)
    Rule: board setup constraints silk text height; warning
    @(141.3011 mm, 94.3056 mm): PCB text 'FEATHER_EN' on Bottom Overlay
[text_thickness]: Text thickness out of range (TrueType font characters with insufficient stroke weight)
    Rule: board setup constraints silk text thickness; warning
    @(161.3011 mm, 94.3396 mm): PCB text 'GPS ANT.' on Bottom Overlay
[text_thickness]: Text thickness out of range (TrueType font characters with insufficient stroke weight)
    Rule: board setup constraints silk text thickness; warning
    @(134.1651 mm, 94.2036 mm): PCB text 'N_ATTN' on Bottom Overlay
[text_thickness]: Text thickness out of range (TrueType font characters with insufficient stroke weight)
    Rule: board setup constraints silk text thickness; warning
    @(141.3191 mm, 94.2036 mm): PCB text 'ON' on Bottom Overlay
[text_thickness]: Text thickness out of range (TrueType font characters with insufficient stroke weight)
    Rule: board setup constraints silk text thickness; warning
    @(154.1651 mm, 94.2036 mm): PCB text 'ACTIVE' on Bottom Overlay
[text_thickness]: Text thickness out of range (TrueType font characters with insufficient stroke weight)
    Rule: board setup constraints silk text thickness; warning
    @(154.1651 mm, 109.8036 mm): PCB text 'DFU' on Bottom Overlay
[text_thickness]: Text thickness out of range (TrueType font characters with insufficient stroke weight)
    Rule: board setup constraints silk text thickness; warning
    @(161.2651 mm, 109.8036 mm): PCB text 'NORMAL' on Bottom Overlay
[text_thickness]: Text thickness out of range (TrueType font characters with insufficient stroke weight)
    Rule: board setup constraints silk text thickness; warning
    @(161.3191 mm, 94.2036 mm): PCB text 'PASSIVE' on Bottom Overlay
[text_thickness]: Text thickness out of range (TrueType font characters with insufficient stroke weight)
    Rule: board setup constraints silk text thickness; warning
    @(161.0011 mm, 109.9396 mm): PCB text 'AUX' on Bottom Overlay
[text_thickness]: Text thickness out of range (TrueType font characters with insufficient stroke weight)
    Rule: board setup constraints silk text thickness; warning
    @(163.7511 mm, 122.4566 mm): PCB text 'CTX' on Bottom Overlay
[text_thickness]: Text thickness out of range (TrueType font characters with insufficient stroke weight)
    Rule: board setup constraints silk text thickness; warning
    @(163.8261 mm, 115.3316 mm): PCB text 'RTX' on Bottom Overlay
[text_thickness]: Text thickness out of range (TrueType font characters with insufficient stroke weight)
    Rule: board setup constraints silk text thickness; warning
    @(140.5425 mm, 59.0196 mm): PCB text '2.5V - 5.5V' on Bottom Overlay
[text_thickness]: Text thickness out of range (TrueType font characters with insufficient stroke weight)
    Rule: board setup constraints silk text thickness; warning
    @(152.5075 mm, 57.1966 mm): PCB text 'VBAT' on Bottom Overlay
[text_thickness]: Text thickness out of range (TrueType font characters with insufficient stroke weight)
    Rule: board setup constraints silk text thickness; warning
    @(152.5075 mm, 59.0466 mm): PCB text '3.3V - 4.2V' on Bottom Overlay
[text_thickness]: Text thickness out of range (TrueType font characters with insufficient stroke weight)
    Rule: board setup constraints silk text thickness; warning
    @(164.0455 mm, 57.2236 mm): PCB text 'SOLAR' on Bottom Overlay
[text_thickness]: Text thickness out of range (TrueType font characters with insufficient stroke weight)
    Rule: board setup constraints silk text thickness; warning
    @(164.0455 mm, 59.0736 mm): PCB text '3.5V - 7V' on Bottom Overlay
[silk_over_copper]: Silkscreen clipped by solder mask
    Local override; warning
    @(167.3761 mm, 67.9819 mm): PCB Text Box 'SDA' on Top Overlay
[silk_over_copper]: Silkscreen clipped by solder mask
    Local override; warning
    @(167.5761 mm, 70.6069 mm): PCB Text Box 'SCL' on Top Overlay
[silk_over_copper]: Silkscreen clipped by solder mask
    Local override; warning
    @(125.5867 mm, 80.7039 mm): PCB Text Box 'GND' on Bottom Overlay
[silk_over_copper]: Silkscreen clipped by solder mask
    Local override; warning
    @(125.5867 mm, 121.3538 mm): PCB Text Box 'GND' on Bottom Overlay
[silk_over_copper]: Silkscreen clipped by solder mask
    Local override; warning
    @(165.6156 mm, 67.9819 mm): PCB Text Box 'SDA' on Bottom Overlay
[silk_over_copper]: Silkscreen clipped by solder mask
    Local override; warning
    @(166.0005 mm, 65.4661 mm): PCB Text Box 'F_EN' on Bottom Overlay
[solder_mask_bridge]: Rear solder mask aperture bridges items with different nets
    Rule: board setup solder mask min width; warning
    @(131.8011 mm, 130.2086 mm): Pad 1 [Net-(U5-COM2)] of U6 on Bottom Layer
    @(132.2011 mm, 130.1586 mm): Pad 2 [GND] of U6 on Bottom Layer
[solder_mask_bridge]: Rear solder mask aperture bridges items with different nets
    Rule: board setup solder mask min width; warning
    @(132.2011 mm, 130.1586 mm): Pad 2 [GND] of U6 on Bottom Layer
    @(132.6011 mm, 130.1586 mm): Pad 3 [N_AUX_RX] of U6 on Bottom Layer
[solder_mask_bridge]: Rear solder mask aperture bridges items with different nets
    Rule: board setup solder mask min width; warning
    @(132.6011 mm, 130.1586 mm): Pad 3 [N_AUX_RX] of U6 on Bottom Layer
    @(133.0011 mm, 130.1586 mm): Pad 4 [/Feather Connection/F_TX] of U6 on Bottom Layer
[solder_mask_bridge]: Rear solder mask aperture bridges items with different nets
    Rule: board setup solder mask min width; warning
    @(133.6461 mm, 130.4036 mm): Pad 5 [Net-(U5-COM3)] of U6 on Bottom Layer
    @(133.6461 mm, 130.8036 mm): Pad 6 [/Feather Connection/DFU_SW] of U6 on Bottom Layer
[solder_mask_bridge]: Rear solder mask aperture bridges items with different nets
    Rule: board setup solder mask min width; warning
    @(133.6461 mm, 130.8036 mm): Pad 6 [/Feather Connection/DFU_SW] of U6 on Bottom Layer
    @(133.6461 mm, 131.2036 mm): Pad 7 [N_AUX_TX] of U6 on Bottom Layer
[solder_mask_bridge]: Rear solder mask aperture bridges items with different nets
    Rule: board setup solder mask min width; warning
    @(133.6461 mm, 131.2036 mm): Pad 7 [N_AUX_TX] of U6 on Bottom Layer
    @(133.6461 mm, 131.6036 mm): Pad 8 [/Feather Connection/F_RX] of U6 on Bottom Layer
[solder_mask_bridge]: Rear solder mask aperture bridges items with different nets
    Rule: board setup solder mask min width; warning
    @(133.0011 mm, 131.8486 mm): Pad 9 [Net-(U5-COM4)] of U6 on Bottom Layer
    @(132.6011 mm, 131.8486 mm): Pad 10 [EN_F_BAT] of U6 on Bottom Layer
[solder_mask_bridge]: Rear solder mask aperture bridges items with different nets
    Rule: board setup solder mask min width; warning
    @(132.6011 mm, 131.8486 mm): Pad 10 [EN_F_BAT] of U6 on Bottom Layer
    @(132.2011 mm, 131.8486 mm): Pad 11 [N_AUX4] of U6 on Bottom Layer
[solder_mask_bridge]: Rear solder mask aperture bridges items with different nets
    Rule: board setup solder mask min width; warning
    @(132.2011 mm, 131.8486 mm): Pad 11 [N_AUX4] of U6 on Bottom Layer
    @(131.8011 mm, 131.8486 mm): Pad 12 [F_NRST] of U6 on Bottom Layer
[solder_mask_bridge]: Rear solder mask aperture bridges items with different nets
    Rule: board setup solder mask min width; warning
    @(131.1561 mm, 131.6036 mm): Pad 13 [Net-(U5-COM1)] of U6 on Bottom Layer
    @(131.1561 mm, 131.2036 mm): Pad 14 [/Feather Connection/DFU_SW] of U6 on Bottom Layer
[solder_mask_bridge]: Rear solder mask aperture bridges items with different nets
    Rule: board setup solder mask min width; warning
    @(131.1561 mm, 131.2036 mm): Pad 14 [/Feather Connection/DFU_SW] of U6 on Bottom Layer
    @(131.1561 mm, 130.8036 mm): Pad 15 [N_AUX3] of U6 on Bottom Layer
[solder_mask_bridge]: Rear solder mask aperture bridges items with different nets
    Rule: board setup solder mask min width; warning
    @(131.1561 mm, 130.8036 mm): Pad 15 [N_AUX3] of U6 on Bottom Layer
    @(131.1561 mm, 130.4036 mm): Pad 16 [/Feather Connection/F_B0] of U6 on Bottom Layer
[solder_mask_bridge]: Rear solder mask aperture bridges items with different nets
    Rule: board setup solder mask min width; warning
    @(131.8011 mm, 137.2086 mm): Pad 1 [ALT_DFU_BOOT] of U5 on Bottom Layer
    @(132.2011 mm, 137.1586 mm): Pad 2 [GND] of U5 on Bottom Layer
[solder_mask_bridge]: Rear solder mask aperture bridges items with different nets
    Rule: board setup solder mask min width; warning
    @(132.2011 mm, 137.1586 mm): Pad 2 [GND] of U5 on Bottom Layer
    @(132.6011 mm, 137.1586 mm): Pad 3 [F_TX_SW] of U5 on Bottom Layer
[solder_mask_bridge]: Rear solder mask aperture bridges items with different nets
    Rule: board setup solder mask min width; warning
    @(132.6011 mm, 137.1586 mm): Pad 3 [F_TX_SW] of U5 on Bottom Layer
    @(133.0011 mm, 137.1586 mm): Pad 4 [Net-(U5-COM3)] of U5 on Bottom Layer
[solder_mask_bridge]: Rear solder mask aperture bridges items with different nets
    Rule: board setup solder mask min width; warning
    @(133.6461 mm, 137.4036 mm): Pad 5 [ALT_DFU_RX] of U5 on Bottom Layer
    @(133.6461 mm, 137.8036 mm): Pad 6 [ALT_DFU_ACTIVE] of U5 on Bottom Layer
[solder_mask_bridge]: Rear solder mask aperture bridges items with different nets
    Rule: board setup solder mask min width; warning
    @(133.6461 mm, 137.8036 mm): Pad 6 [ALT_DFU_ACTIVE] of U5 on Bottom Layer
    @(133.6461 mm, 138.2036 mm): Pad 7 [F_RX_SW] of U5 on Bottom Layer
[solder_mask_bridge]: Rear solder mask aperture bridges items with different nets
    Rule: board setup solder mask min width; warning
    @(133.6461 mm, 138.2036 mm): Pad 7 [F_RX_SW] of U5 on Bottom Layer
    @(133.6461 mm, 138.6036 mm): Pad 8 [Net-(U5-COM4)] of U5 on Bottom Layer
[solder_mask_bridge]: Rear solder mask aperture bridges items with different nets
    Rule: board setup solder mask min width; warning
    @(133.0011 mm, 138.8486 mm): Pad 9 [ALT_DFU_TX] of U5 on Bottom Layer
    @(132.6011 mm, 138.8486 mm): Pad 10 [EN_F_BAT] of U5 on Bottom Layer
[solder_mask_bridge]: Rear solder mask aperture bridges items with different nets
    Rule: board setup solder mask min width; warning
    @(132.6011 mm, 138.8486 mm): Pad 10 [EN_F_BAT] of U5 on Bottom Layer
    @(132.2011 mm, 138.8486 mm): Pad 11 [F_NRST_SW] of U5 on Bottom Layer
[solder_mask_bridge]: Rear solder mask aperture bridges items with different nets
    Rule: board setup solder mask min width; warning
    @(132.2011 mm, 138.8486 mm): Pad 11 [F_NRST_SW] of U5 on Bottom Layer
    @(131.8011 mm, 138.8486 mm): Pad 12 [Net-(U5-COM1)] of U5 on Bottom Layer
[solder_mask_bridge]: Rear solder mask aperture bridges items with different nets
    Rule: board setup solder mask min width; warning
    @(131.1561 mm, 138.6036 mm): Pad 13 [ALT_DFU_RESET] of U5 on Bottom Layer
    @(131.1561 mm, 138.2036 mm): Pad 14 [ALT_DFU_ACTIVE] of U5 on Bottom Layer
[solder_mask_bridge]: Rear solder mask aperture bridges items with different nets
    Rule: board setup solder mask min width; warning
    @(131.1561 mm, 138.2036 mm): Pad 14 [ALT_DFU_ACTIVE] of U5 on Bottom Layer
    @(131.1561 mm, 137.8036 mm): Pad 15 [F_B0_SW] of U5 on Bottom Layer
[solder_mask_bridge]: Rear solder mask aperture bridges items with different nets
    Rule: board setup solder mask min width; warning
    @(131.1561 mm, 137.8036 mm): Pad 15 [F_B0_SW] of U5 on Bottom Layer
    @(131.1561 mm, 137.4036 mm): Pad 16 [Net-(U5-COM2)] of U5 on Bottom Layer
[solder_mask_bridge]: Rear solder mask aperture bridges items with different nets
    Rule: board setup solder mask min width; warning
    @(145.6011 mm, 74.8136 mm): Pad A1 [Net-(U8-SW)] of U8 on Bottom Layer
    @(146.0011 mm, 74.8136 mm): Pad A2 [VMAIN] of U8 on Bottom Layer
[solder_mask_bridge]: Rear solder mask aperture bridges items with different nets
    Rule: board setup solder mask min width; warning
    @(145.6011 mm, 74.8136 mm): Pad A1 [Net-(U8-SW)] of U8 on Bottom Layer
    @(145.6011 mm, 74.4136 mm): Pad B1 [N_EN] of U8 on Bottom Layer
[solder_mask_bridge]: Rear solder mask aperture bridges items with different nets
    Rule: board setup solder mask min width; warning
    @(146.0011 mm, 74.8136 mm): Pad A2 [VMAIN] of U8 on Bottom Layer
    @(146.0011 mm, 74.4136 mm): Pad B2 [GND] of U8 on Bottom Layer
[solder_mask_bridge]: Rear solder mask aperture bridges items with different nets
    Rule: board setup solder mask min width; warning
    @(145.6011 mm, 74.4136 mm): Pad B1 [N_EN] of U8 on Bottom Layer
    @(146.0011 mm, 74.4136 mm): Pad B2 [GND] of U8 on Bottom Layer
[solder_mask_bridge]: Rear solder mask aperture bridges items with different nets
    Rule: board setup solder mask min width; warning
    @(145.6011 mm, 74.4136 mm): Pad B1 [N_EN] of U8 on Bottom Layer
    @(145.6011 mm, 74.0136 mm): Pad C1 [VMAIN] of U8 on Bottom Layer
[solder_mask_bridge]: Rear solder mask aperture bridges items with different nets
    Rule: board setup solder mask min width; warning
    @(146.0011 mm, 74.4136 mm): Pad B2 [GND] of U8 on Bottom Layer
    @(146.0011 mm, 74.0136 mm): Pad C2 [1V8] of U8 on Bottom Layer
[solder_mask_bridge]: Rear solder mask aperture bridges items with different nets
    Rule: board setup solder mask min width; warning
    @(145.6011 mm, 74.0136 mm): Pad C1 [VMAIN] of U8 on Bottom Layer
    @(146.0011 mm, 74.0136 mm): Pad C2 [1V8] of U8 on Bottom Layer
[solder_mask_bridge]: Rear solder mask aperture bridges items with different nets
    Rule: board setup solder mask min width; warning
    @(145.6011 mm, 74.0136 mm): Pad C1 [VMAIN] of U8 on Bottom Layer
    @(145.6011 mm, 73.6136 mm): Pad D1 [GND] of U8 on Bottom Layer
[solder_mask_bridge]: Rear solder mask aperture bridges items with different nets
    Rule: board setup solder mask min width; warning
    @(146.0011 mm, 74.0136 mm): Pad C2 [1V8] of U8 on Bottom Layer
    @(146.0011 mm, 73.6136 mm): Pad D2 [<no net>] of U8 on Bottom Layer
[solder_mask_bridge]: Rear solder mask aperture bridges items with different nets
    Rule: board setup solder mask min width; warning
    @(145.6011 mm, 73.6136 mm): Pad D1 [GND] of U8 on Bottom Layer
    @(146.0011 mm, 73.6136 mm): Pad D2 [<no net>] of U8 on Bottom Layer
[silk_overlap]: Silkscreen overlap
    Rule: board setup constraints silk; warning
    @(137.7392 mm, 65.3836 mm): PCB Text Box 'NOTECARRIER-F' on Top Overlay
    @(145.9676 mm, 70.1381 mm): PCB Text Box 'V1.3' on Top Overlay
[silk_overlap]: Silkscreen overlap
    Rule: board setup constraints silk; warning
    @(171.0011 mm, 62.2036 mm): Segment of J9 on Top Overlay
    @(165.1814 mm, 98.4129 mm): PCB Text Box 'F_MISO' on Top Overlay
[silk_overlap]: Silkscreen overlap
    Rule: board setup constraints silk; warning
    @(171.0011 mm, 62.2036 mm): Segment of J9 on Top Overlay
    @(166.2752 mm, 80.6429 mm): PCB Text Box 'F_D10' on Top Overlay
[silk_overlap]: Silkscreen overlap
    Rule: board setup constraints silk; warning
    @(166.6530 mm, 83.2162 mm): PCB Text Box 'F_D11' on Top Overlay
    @(171.0011 mm, 62.2036 mm): Segment of J9 on Top Overlay
[silk_overlap]: Silkscreen overlap
    Rule: board setup constraints silk; warning
    @(171.0011 mm, 62.2036 mm): Segment of J9 on Top Overlay
    @(166.2815 mm, 85.7491 mm): PCB Text Box 'F_D12' on Top Overlay
[silk_overlap]: Silkscreen overlap
    Rule: board setup constraints silk; warning
    @(171.0011 mm, 62.2036 mm): Segment of J9 on Top Overlay
    @(166.3196 mm, 88.2772 mm): PCB Text Box 'F_D13' on Top Overlay
[silk_overlap]: Silkscreen overlap
    Rule: board setup constraints silk; warning
    @(166.7511 mm, 65.4561 mm): PCB Text Box 'F_EN' on Top Overlay
    @(171.0011 mm, 62.2036 mm): Segment of J9 on Top Overlay
[silk_overlap]: Silkscreen overlap
    Rule: board setup constraints silk; warning
    @(171.0011 mm, 62.2036 mm): Segment of J9 on Top Overlay
    @(167.3761 mm, 67.9819 mm): PCB Text Box 'SDA' on Top Overlay
[silk_overlap]: Silkscreen overlap
    Rule: board setup constraints silk; warning
    @(171.0011 mm, 62.2036 mm): Segment of J9 on Top Overlay
    @(167.5761 mm, 70.6069 mm): PCB Text Box 'SCL' on Top Overlay
[silk_overlap]: Silkscreen overlap
    Rule: board setup constraints silk; warning
    @(138.6261 mm, 78.8386 mm): Segment of C19 on Bottom Overlay
    @(140.5011 mm, 80.4636 mm): Segment of C29 on Bottom Overlay
[silk_overlap]: Silkscreen overlap
    Rule: board setup constraints silk; warning
    @(140.4261 mm, 78.8386 mm): Segment of C19 on Bottom Overlay
    @(140.5011 mm, 80.4636 mm): Segment of C29 on Bottom Overlay
[silk_overlap]: Silkscreen overlap
    Rule: board setup constraints silk; warning
    @(161.9761 mm, 77.7036 mm): Segment of C24 on Bottom Overlay
    @(160.3261 mm, 77.7036 mm): Segment of C23 on Bottom Overlay
[silk_overlap]: Silkscreen overlap
    Rule: board setup constraints silk; warning
    @(161.9261 mm, 77.7036 mm): Segment of C23 on Bottom Overlay
    @(161.9761 mm, 77.7036 mm): Segment of C24 on Bottom Overlay
[silk_overlap]: Silkscreen overlap
    Rule: board setup constraints silk; warning
    @(161.9761 mm, 77.7036 mm): Segment of C24 on Bottom Overlay
    @(160.3261 mm, 74.5036 mm): Segment of C23 on Bottom Overlay
[silk_overlap]: Silkscreen overlap
    Rule: board setup constraints silk; warning
    @(161.9761 mm, 77.7036 mm): Segment of C24 on Bottom Overlay
    @(160.3261 mm, 77.7036 mm): Segment of C23 on Bottom Overlay
[silk_overlap]: Silkscreen overlap
    Rule: board setup constraints silk; warning
    @(161.9261 mm, 77.7036 mm): Segment of C23 on Bottom Overlay
    @(161.9761 mm, 74.5036 mm): Segment of C24 on Bottom Overlay
[silk_overlap]: Silkscreen overlap
    Rule: board setup constraints silk; warning
    @(161.9261 mm, 77.7036 mm): Segment of C23 on Bottom Overlay
    @(161.9761 mm, 77.7036 mm): Segment of C24 on Bottom Overlay
[silk_overlap]: Silkscreen overlap
    Rule: board setup constraints silk; warning
    @(150.2761 mm, 74.5786 mm): Segment of C17 on Bottom Overlay
    @(151.9261 mm, 77.7786 mm): Segment of C16 on Bottom Overlay
[silk_overlap]: Silkscreen overlap
    Rule: board setup constraints silk; warning
    @(151.9261 mm, 74.5786 mm): Segment of C16 on Bottom Overlay
    @(150.2761 mm, 74.5786 mm): Segment of C17 on Bottom Overlay
[silk_overlap]: Silkscreen overlap
    Rule: board setup constraints silk; warning
    @(151.9261 mm, 77.7786 mm): Segment of C16 on Bottom Overlay
    @(150.2761 mm, 77.7786 mm): Segment of C17 on Bottom Overlay
[silk_overlap]: Silkscreen overlap
    Rule: board setup constraints silk; warning
    @(151.9261 mm, 77.7786 mm): Segment of C16 on Bottom Overlay
    @(150.2761 mm, 77.7786 mm): Segment of C17 on Bottom Overlay
[silk_overlap]: Silkscreen overlap
    Rule: board setup constraints silk; warning
    @(151.9261 mm, 77.7786 mm): Segment of C16 on Bottom Overlay
    @(151.8761 mm, 77.7786 mm): Segment of C17 on Bottom Overlay
[silk_overlap]: Silkscreen overlap
    Rule: board setup constraints silk; warning
    @(151.9261 mm, 74.5786 mm): Segment of C16 on Bottom Overlay
    @(151.8761 mm, 77.7786 mm): Segment of C17 on Bottom Overlay
[silk_overlap]: Silkscreen overlap
    Rule: board setup constraints silk; warning
    @(151.9261 mm, 77.7786 mm): Segment of C16 on Bottom Overlay
    @(151.8761 mm, 77.7786 mm): Segment of C17 on Bottom Overlay
[silk_overlap]: Silkscreen overlap
    Rule: board setup constraints silk; warning
    @(148.3261 mm, 75.8886 mm): Segment of C27 on Bottom Overlay
    @(148.3011 mm, 75.4136 mm): Segment of C26 on Bottom Overlay
[silk_overlap]: Silkscreen overlap
    Rule: board setup constraints silk; warning
    @(147.4011 mm, 75.4136 mm): Segment of C26 on Bottom Overlay
    @(148.3261 mm, 75.8886 mm): Segment of C27 on Bottom Overlay
[silk_overlap]: Silkscreen overlap
    Rule: board setup constraints silk; warning
    @(147.4011 mm, 73.6136 mm): Segment of C26 on Bottom Overlay
    @(148.3261 mm, 75.8886 mm): Segment of C27 on Bottom Overlay
[silk_overlap]: Silkscreen overlap
    Rule: board setup constraints silk; warning
    @(144.4760 mm, 76.5385 mm): Segment of R19 on Bottom Overlay
    @(142.6761 mm, 76.5386 mm): Segment of C31 on Bottom Overlay
[silk_overlap]: Silkscreen overlap
    Rule: board setup constraints silk; warning
    @(144.4760 mm, 76.5385 mm): Segment of R19 on Bottom Overlay
    @(144.4761 mm, 77.4386 mm): Segment of C31 on Bottom Overlay
[silk_overlap]: Silkscreen overlap
    Rule: board setup constraints silk; warning
    @(142.6761 mm, 76.5386 mm): Segment of C31 on Bottom Overlay
    @(144.4760 mm, 77.4385 mm): Segment of R19 on Bottom Overlay
[silk_overlap]: Silkscreen overlap
    Rule: board setup constraints silk; warning
    @(142.6761 mm, 77.4386 mm): Segment of C31 on Bottom Overlay
    @(144.4760 mm, 77.4385 mm): Segment of R19 on Bottom Overlay
[silk_overlap]: Silkscreen overlap
    Rule: board setup constraints silk; warning
    @(144.4761 mm, 77.4386 mm): Segment of C31 on Bottom Overlay
    @(144.4760 mm, 77.4385 mm): Segment of R19 on Bottom Overlay
[silk_overlap]: Silkscreen overlap
    Rule: board setup constraints silk; warning
    @(142.6761 mm, 77.4386 mm): Segment of C31 on Bottom Overlay
    @(144.4760 mm, 77.4385 mm): Segment of R19 on Bottom Overlay
[silk_overlap]: Silkscreen overlap
    Rule: board setup constraints silk; warning
    @(144.4761 mm, 77.4386 mm): Segment of C31 on Bottom Overlay
    @(144.4760 mm, 77.4385 mm): Segment of R19 on Bottom Overlay
[silk_overlap]: Silkscreen overlap
    Rule: board setup constraints silk; warning
    @(137.3011 mm, 78.8636 mm): Segment of C29 on Bottom Overlay
    @(138.6261 mm, 78.8386 mm): Segment of C19 on Bottom Overlay
[silk_overlap]: Silkscreen overlap
    Rule: board setup constraints silk; warning
    @(138.6261 mm, 78.8386 mm): Segment of C19 on Bottom Overlay
    @(137.3011 mm, 78.8636 mm): Segment of C29 on Bottom Overlay
[silk_overlap]: Silkscreen overlap
    Rule: board setup constraints silk; warning
    @(140.4261 mm, 78.8386 mm): Segment of C19 on Bottom Overlay
    @(137.3011 mm, 78.8636 mm): Segment of C29 on Bottom Overlay
[silk_overlap]: Silkscreen overlap
    Rule: board setup constraints silk; warning
    @(128.2011 mm, 139.5536 mm): Segment of C15 on Bottom Overlay
    @(129.1012 mm, 139.5035 mm): Segment of R18 on Bottom Overlay
[silk_overlap]: Silkscreen overlap
    Rule: board setup constraints silk; warning
    @(128.2011 mm, 139.5536 mm): Segment of C15 on Bottom Overlay
    @(129.1012 mm, 139.5035 mm): Segment of R18 on Bottom Overlay
[silk_overlap]: Silkscreen overlap
    Rule: board setup constraints silk; warning
    @(130.0011 mm, 140.4536 mm): Segment of C15 on Bottom Overlay
    @(129.1012 mm, 139.5035 mm): Segment of R18 on Bottom Overlay
[silk_overlap]: Silkscreen overlap
    Rule: board setup constraints silk; warning
    @(130.0012 mm, 139.5035 mm): Segment of R18 on Bottom Overlay
    @(128.2011 mm, 139.5536 mm): Segment of C15 on Bottom Overlay
[silk_overlap]: Silkscreen overlap
    Rule: board setup constraints silk; warning
    @(130.0012 mm, 139.5035 mm): Segment of R18 on Bottom Overlay
    @(130.0011 mm, 140.4536 mm): Segment of C15 on Bottom Overlay
[silk_overlap]: Silkscreen overlap
    Rule: board setup constraints silk; warning
    @(155.2510 mm, 133.6535 mm): Segment of R7 on Bottom Overlay
    @(157.0511 mm, 134.5536 mm): Segment of C6 on Bottom Overlay
[silk_overlap]: Silkscreen overlap
    Rule: board setup constraints silk; warning
    @(157.0510 mm, 133.6535 mm): Segment of R7 on Bottom Overlay
    @(157.0511 mm, 134.5536 mm): Segment of C6 on Bottom Overlay
[silk_overlap]: Silkscreen overlap
    Rule: board setup constraints silk; warning
    @(155.2510 mm, 133.6535 mm): Segment of R7 on Bottom Overlay
    @(155.2511 mm, 134.5536 mm): Segment of C6 on Bottom Overlay
[silk_overlap]: Silkscreen overlap
    Rule: board setup constraints silk; warning
    @(155.2510 mm, 133.6535 mm): Segment of R7 on Bottom Overlay
    @(155.2511 mm, 134.5536 mm): Segment of C6 on Bottom Overlay
[silk_overlap]: Silkscreen overlap
    Rule: board setup constraints silk; warning
    @(153.6010 mm, 135.9535 mm): Segment of R9 on Bottom Overlay
    @(153.6011 mm, 135.9536 mm): Segment of C8 on Bottom Overlay
[silk_overlap]: Silkscreen overlap
    Rule: board setup constraints silk; warning
    @(153.6010 mm, 136.8535 mm): Segment of R9 on Bottom Overlay
    @(153.6011 mm, 135.9536 mm): Segment of C8 on Bottom Overlay
[silk_overlap]: Silkscreen overlap
    Rule: board setup constraints silk; warning
    @(153.6010 mm, 135.9535 mm): Segment of R9 on Bottom Overlay
    @(155.4011 mm, 135.9536 mm): Segment of C8 on Bottom Overlay
[silk_overlap]: Silkscreen overlap
    Rule: board setup constraints silk; warning
    @(155.4010 mm, 136.8535 mm): Segment of R9 on Bottom Overlay
    @(155.4011 mm, 135.9536 mm): Segment of C8 on Bottom Overlay
[silk_overlap]: Silkscreen overlap
    Rule: board setup constraints silk; warning
    @(155.4011 mm, 138.6536 mm): Segment of C5 on Bottom Overlay
    @(155.4011 mm, 138.2536 mm): Segment of C7 on Bottom Overlay
[silk_overlap]: Silkscreen overlap
    Rule: board setup constraints silk; warning
    @(155.4011 mm, 139.1536 mm): Segment of C7 on Bottom Overlay
    @(155.4010 mm, 139.1535 mm): Segment of R8 on Bottom Overlay
[silk_overlap]: Silkscreen overlap
    Rule: board setup constraints silk; warning
    @(155.4011 mm, 139.1536 mm): Segment of C7 on Bottom Overlay
    @(155.4010 mm, 140.0535 mm): Segment of R8 on Bottom Overlay
[silk_overlap]: Silkscreen overlap
    Rule: board setup constraints silk; warning
    @(155.4011 mm, 139.1536 mm): Segment of C7 on Bottom Overlay
    @(153.6011 mm, 138.6536 mm): Segment of C5 on Bottom Overlay
[silk_overlap]: Silkscreen overlap
    Rule: board setup constraints silk; warning
    @(155.4011 mm, 139.1536 mm): Segment of C7 on Bottom Overlay
    @(155.4011 mm, 138.6536 mm): Segment of C5 on Bottom Overlay
[silk_overlap]: Silkscreen overlap
    Rule: board setup constraints silk; warning
    @(155.4010 mm, 139.1535 mm): Segment of R8 on Bottom Overlay
    @(155.4011 mm, 139.1536 mm): Segment of C7 on Bottom Overlay
[silk_overlap]: Silkscreen overlap
    Rule: board setup constraints silk; warning
    @(155.4010 mm, 140.0535 mm): Segment of R8 on Bottom Overlay
    @(155.4011 mm, 139.1536 mm): Segment of C7 on Bottom Overlay
[silk_overlap]: Silkscreen overlap
    Rule: board setup constraints silk; warning
    @(157.2010 mm, 140.0535 mm): Segment of R8 on Bottom Overlay
    @(155.4011 mm, 139.1536 mm): Segment of C7 on Bottom Overlay
[silk_overlap]: Silkscreen overlap
    Rule: board setup constraints silk; warning
    @(157.2011 mm, 139.1536 mm): Segment of C7 on Bottom Overlay
    @(155.4010 mm, 139.1535 mm): Segment of R8 on Bottom Overlay
[silk_overlap]: Silkscreen overlap
    Rule: board setup constraints silk; warning
    @(157.2010 mm, 140.0535 mm): Segment of R8 on Bottom Overlay
    @(157.2011 mm, 139.1536 mm): Segment of C7 on Bottom Overlay
[silk_overlap]: Silkscreen overlap
    Rule: board setup constraints silk; warning
    @(153.6011 mm, 135.9536 mm): Segment of C8 on Bottom Overlay
    @(153.6010 mm, 135.9535 mm): Segment of R9 on Bottom Overlay
[silk_overlap]: Silkscreen overlap
    Rule: board setup constraints silk; warning
    @(155.4010 mm, 136.8535 mm): Segment of R9 on Bottom Overlay
    @(153.6011 mm, 135.9536 mm): Segment of C8 on Bottom Overlay
[silk_overlap]: Silkscreen overlap
    Rule: board setup constraints silk; warning
    @(153.6011 mm, 135.9536 mm): Segment of C8 on Bottom Overlay
    @(153.6010 mm, 136.8535 mm): Segment of R9 on Bottom Overlay
[silk_overlap]: Silkscreen overlap
    Rule: board setup constraints silk; warning
    @(153.6010 mm, 136.8535 mm): Segment of R9 on Bottom Overlay
    @(153.6010 mm, 136.8535 mm): Segment of R6 on Bottom Overlay
[silk_overlap]: Silkscreen overlap
    Rule: board setup constraints silk; warning
    @(153.6010 mm, 136.8535 mm): Segment of R9 on Bottom Overlay
    @(153.6010 mm, 137.7535 mm): Segment of R6 on Bottom Overlay
[silk_overlap]: Silkscreen overlap
    Rule: board setup constraints silk; warning
    @(153.6010 mm, 136.8535 mm): Segment of R9 on Bottom Overlay
    @(155.4010 mm, 137.7535 mm): Segment of R6 on Bottom Overlay
[silk_overlap]: Silkscreen overlap
    Rule: board setup constraints silk; warning
    @(155.4010 mm, 136.8535 mm): Segment of R9 on Bottom Overlay
    @(153.6010 mm, 136.8535 mm): Segment of R6 on Bottom Overlay
[silk_overlap]: Silkscreen overlap
    Rule: board setup constraints silk; warning
    @(155.4010 mm, 136.8535 mm): Segment of R9 on Bottom Overlay
    @(155.4010 mm, 137.7535 mm): Segment of R6 on Bottom Overlay
[silk_overlap]: Silkscreen overlap
    Rule: board setup constraints silk; warning
    @(153.6010 mm, 136.8535 mm): Segment of R9 on Bottom Overlay
    @(153.6010 mm, 136.8535 mm): Segment of R6 on Bottom Overlay
[silk_overlap]: Silkscreen overlap
    Rule: board setup constraints silk; warning
    @(155.2511 mm, 133.6536 mm): Segment of C6 on Bottom Overlay
    @(155.2510 mm, 133.6535 mm): Segment of R7 on Bottom Overlay
[silk_overlap]: Silkscreen overlap
    Rule: board setup constraints silk; warning
    @(155.2511 mm, 133.6536 mm): Segment of C6 on Bottom Overlay
    @(155.2510 mm, 133.6535 mm): Segment of R7 on Bottom Overlay
[silk_overlap]: Silkscreen overlap
    Rule: board setup constraints silk; warning
    @(155.2511 mm, 133.6536 mm): Segment of C6 on Bottom Overlay
    @(157.0510 mm, 133.6535 mm): Segment of R7 on Bottom Overlay
[silk_overlap]: Silkscreen overlap
    Rule: board setup constraints silk; warning
    @(132.8512 mm, 144.3787 mm): Segment of R11 on Bottom Overlay
    @(131.0510 mm, 144.3785 mm): Segment of R12 on Bottom Overlay
[silk_overlap]: Silkscreen overlap
    Rule: board setup constraints silk; warning
    @(132.8512 mm, 144.3787 mm): Segment of R11 on Bottom Overlay
    @(132.8510 mm, 145.2785 mm): Segment of R12 on Bottom Overlay
[silk_overlap]: Silkscreen overlap
    Rule: board setup constraints silk; warning
    @(132.8512 mm, 145.2787 mm): Segment of R11 on Bottom Overlay
    @(131.0510 mm, 144.3785 mm): Segment of R12 on Bottom Overlay
[silk_overlap]: Silkscreen overlap
    Rule: board setup constraints silk; warning
    @(132.8512 mm, 145.2787 mm): Segment of R11 on Bottom Overlay
    @(131.0510 mm, 145.2785 mm): Segment of R12 on Bottom Overlay
[silk_overlap]: Silkscreen overlap
    Rule: board setup constraints silk; warning
    @(132.8512 mm, 145.2787 mm): Segment of R11 on Bottom Overlay
    @(132.8510 mm, 145.2785 mm): Segment of R12 on Bottom Overlay
[silk_overlap]: Silkscreen overlap
    Rule: board setup constraints silk; warning
    @(132.8512 mm, 145.2787 mm): Segment of R11 on Bottom Overlay
    @(131.0510 mm, 145.2785 mm): Segment of R12 on Bottom Overlay
[silk_overlap]: Silkscreen overlap
    Rule: board setup constraints silk; warning
    @(132.8512 mm, 145.2787 mm): Segment of R11 on Bottom Overlay
    @(132.8510 mm, 145.2785 mm): Segment of R12 on Bottom Overlay
[silk_overlap]: Silkscreen overlap
    Rule: board setup constraints silk; warning
    @(153.6011 mm, 137.7536 mm): Segment of C5 on Bottom Overlay
    @(153.6010 mm, 137.7535 mm): Segment of R6 on Bottom Overlay
[silk_overlap]: Silkscreen overlap
    Rule: board setup constraints silk; warning
    @(153.6011 mm, 137.7536 mm): Segment of C5 on Bottom Overlay
    @(153.6010 mm, 137.7535 mm): Segment of R6 on Bottom Overlay
[silk_overlap]: Silkscreen overlap
    Rule: board setup constraints silk; warning
    @(153.6011 mm, 137.7536 mm): Segment of C5 on Bottom Overlay
    @(155.4010 mm, 137.7535 mm): Segment of R6 on Bottom Overlay
[silk_overlap]: Silkscreen overlap
    Rule: board setup constraints silk; warning
    @(153.6010 mm, 137.7535 mm): Segment of R6 on Bottom Overlay
    @(153.6011 mm, 138.6536 mm): Segment of C5 on Bottom Overlay
[silk_overlap]: Silkscreen overlap
    Rule: board setup constraints silk; warning
    @(153.6010 mm, 137.7535 mm): Segment of R6 on Bottom Overlay
    @(153.6011 mm, 138.6536 mm): Segment of C5 on Bottom Overlay
[silk_overlap]: Silkscreen overlap
    Rule: board setup constraints silk; warning
    @(153.6010 mm, 137.7535 mm): Segment of R6 on Bottom Overlay
    @(155.4011 mm, 138.6536 mm): Segment of C5 on Bottom Overlay
[silk_overlap]: Silkscreen overlap
    Rule: board setup constraints silk; warning
    @(155.4010 mm, 137.7535 mm): Segment of R6 on Bottom Overlay
    @(155.4011 mm, 138.6536 mm): Segment of C5 on Bottom Overlay
[silk_overlap]: Silkscreen overlap
    Rule: board setup constraints silk; warning
    @(153.6010 mm, 136.8535 mm): Segment of R9 on Bottom Overlay
    @(153.6010 mm, 137.7535 mm): Segment of R6 on Bottom Overlay
[silk_overlap]: Silkscreen overlap
    Rule: board setup constraints silk; warning
    @(162.4760 mm, 147.5035 mm): Segment of R16 on Bottom Overlay
    @(160.6761 mm, 147.5036 mm): Segment of C12 on Bottom Overlay
[silk_overlap]: Silkscreen overlap
    Rule: board setup constraints silk; warning
    @(162.4760 mm, 147.5035 mm): Segment of R16 on Bottom Overlay
    @(160.6761 mm, 147.5036 mm): Segment of C12 on Bottom Overlay
[silk_overlap]: Silkscreen overlap
    Rule: board setup constraints silk; warning
    @(162.4760 mm, 146.6035 mm): Segment of R16 on Bottom Overlay
    @(160.6761 mm, 146.6036 mm): Segment of C12 on Bottom Overlay
[silk_overlap]: Silkscreen overlap
    Rule: board setup constraints silk; warning
    @(162.4760 mm, 147.5035 mm): Segment of R16 on Bottom Overlay
    @(160.6761 mm, 146.6036 mm): Segment of C12 on Bottom Overlay
[silk_overlap]: Silkscreen overlap
    Rule: board setup constraints silk; warning
    @(162.4760 mm, 146.6035 mm): Segment of R16 on Bottom Overlay
    @(162.4761 mm, 147.5036 mm): Segment of C12 on Bottom Overlay
[silk_overlap]: Silkscreen overlap
    Rule: board setup constraints silk; warning
    @(162.4760 mm, 147.5035 mm): Segment of R16 on Bottom Overlay
    @(162.4761 mm, 147.5036 mm): Segment of C12 on Bottom Overlay
[silk_overlap]: Silkscreen overlap
    Rule: board setup constraints silk; warning
    @(162.4760 mm, 147.5035 mm): Segment of R16 on Bottom Overlay
    @(162.4761 mm, 147.5036 mm): Segment of C12 on Bottom Overlay
[silk_overlap]: Silkscreen overlap
    Rule: board setup constraints silk; warning
    @(156.7762 mm, 62.7537 mm): Segment of R4 on Bottom Overlay
    @(156.7762 mm, 63.6535 mm): Segment of R3 on Bottom Overlay
[silk_overlap]: Silkscreen overlap
    Rule: board setup constraints silk; warning
    @(156.7762 mm, 63.6537 mm): Segment of R4 on Bottom Overlay
    @(156.7762 mm, 63.6535 mm): Segment of R3 on Bottom Overlay
[silk_overlap]: Silkscreen overlap
    Rule: board setup constraints silk; warning
    @(156.7762 mm, 63.6535 mm): Segment of R3 on Bottom Overlay
    @(156.7762 mm, 63.6537 mm): Segment of R4 on Bottom Overlay
[silk_overlap]: Silkscreen overlap
    Rule: board setup constraints silk; warning
    @(156.7762 mm, 63.6537 mm): Segment of R4 on Bottom Overlay
    @(155.8762 mm, 63.6535 mm): Segment of R3 on Bottom Overlay
[silk_overlap]: Silkscreen overlap
    Rule: board setup constraints silk; warning
    @(155.8762 mm, 63.6535 mm): Segment of R3 on Bottom Overlay
    @(156.7762 mm, 63.6537 mm): Segment of R4 on Bottom Overlay
[silk_overlap]: Silkscreen overlap
    Rule: board setup constraints silk; warning
    @(160.5260 mm, 73.1785 mm): Segment of R13 on Bottom Overlay
    @(160.5262 mm, 74.0785 mm): Segment of R14 on Bottom Overlay
[silk_overlap]: Silkscreen overlap
    Rule: board setup constraints silk; warning
    @(160.5260 mm, 74.0785 mm): Segment of R13 on Bottom Overlay
    @(159.6262 mm, 74.0785 mm): Segment of R14 on Bottom Overlay
[silk_overlap]: Silkscreen overlap
    Rule: board setup constraints silk; warning
    @(160.5260 mm, 74.0785 mm): Segment of R13 on Bottom Overlay
    @(160.5262 mm, 74.0785 mm): Segment of R14 on Bottom Overlay
[silk_overlap]: Silkscreen overlap
    Rule: board setup constraints silk; warning
    @(160.5260 mm, 74.0785 mm): Segment of R13 on Bottom Overlay
    @(159.6262 mm, 74.0785 mm): Segment of R14 on Bottom Overlay
[silk_overlap]: Silkscreen overlap
    Rule: board setup constraints silk; warning
    @(160.5260 mm, 74.0785 mm): Segment of R13 on Bottom Overlay
    @(160.5262 mm, 74.0785 mm): Segment of R14 on Bottom Overlay
[silk_overlap]: Silkscreen overlap
    Rule: board setup constraints silk; warning
    @(161.9761 mm, 74.5036 mm): Segment of C24 on Bottom Overlay
    @(160.3261 mm, 74.5036 mm): Segment of C23 on Bottom Overlay
[silk_overlap]: Silkscreen overlap
    Rule: board setup constraints silk; warning
    @(161.9761 mm, 74.5036 mm): Segment of C24 on Bottom Overlay
    @(163.6261 mm, 74.5036 mm): Segment of C22 on Bottom Overlay
[silk_overlap]: Silkscreen overlap
    Rule: board setup constraints silk; warning
    @(161.9761 mm, 74.5036 mm): Segment of C24 on Bottom Overlay
    @(163.6261 mm, 77.7036 mm): Segment of C22 on Bottom Overlay
[silk_overlap]: Silkscreen overlap
    Rule: board setup constraints silk; warning
    @(156.3261 mm, 68.5536 mm): Segment of C2 on Bottom Overlay
    @(156.3262 mm, 67.5537 mm): Segment of R2 on Bottom Overlay
[silk_overlap]: Silkscreen overlap
    Rule: board setup constraints silk; warning
    @(156.3262 mm, 68.4537 mm): Segment of R2 on Bottom Overlay
    @(153.7261 mm, 68.5536 mm): Segment of C2 on Bottom Overlay
[silk_overlap]: Silkscreen overlap
    Rule: board setup constraints silk; warning
    @(156.3262 mm, 68.4537 mm): Segment of R2 on Bottom Overlay
    @(156.3261 mm, 68.5536 mm): Segment of C2 on Bottom Overlay
[silk_overlap]: Silkscreen overlap
    Rule: board setup constraints silk; warning
    @(156.3262 mm, 68.4537 mm): Segment of R2 on Bottom Overlay
    @(153.7261 mm, 68.5536 mm): Segment of C2 on Bottom Overlay
[silk_overlap]: Silkscreen overlap
    Rule: board setup constraints silk; warning
    @(156.3261 mm, 68.5536 mm): Segment of C2 on Bottom Overlay
    @(156.3262 mm, 68.4537 mm): Segment of R2 on Bottom Overlay
[silk_overlap]: Silkscreen overlap
    Rule: board setup constraints silk; warning
    @(158.7261 mm, 72.2786 mm): Segment of C18 on Bottom Overlay
    @(159.6262 mm, 72.2785 mm): Segment of R14 on Bottom Overlay
[silk_overlap]: Silkscreen overlap
    Rule: board setup constraints silk; warning
    @(160.5261 mm, 72.2786 mm): Segment of C18 on Bottom Overlay
    @(159.6262 mm, 72.2785 mm): Segment of R14 on Bottom Overlay
[silk_overlap]: Silkscreen overlap
    Rule: board setup constraints silk; warning
    @(158.7261 mm, 72.2786 mm): Segment of C18 on Bottom Overlay
    @(159.6262 mm, 74.0785 mm): Segment of R14 on Bottom Overlay
[silk_overlap]: Silkscreen overlap
    Rule: board setup constraints silk; warning
    @(158.7261 mm, 72.2786 mm): Segment of C18 on Bottom Overlay
    @(160.5262 mm, 74.0785 mm): Segment of R14 on Bottom Overlay
[silk_overlap]: Silkscreen overlap
    Rule: board setup constraints silk; warning
    @(160.5261 mm, 72.2786 mm): Segment of C18 on Bottom Overlay
    @(160.5262 mm, 74.0785 mm): Segment of R14 on Bottom Overlay
[silk_overlap]: Silkscreen overlap
    Rule: board setup constraints silk; warning
    @(163.5761 mm, 77.7036 mm): Segment of C24 on Bottom Overlay
    @(163.6261 mm, 74.5036 mm): Segment of C22 on Bottom Overlay
[silk_overlap]: Silkscreen overlap
    Rule: board setup constraints silk; warning
    @(163.5761 mm, 77.7036 mm): Segment of C24 on Bottom Overlay
    @(163.6261 mm, 77.7036 mm): Segment of C22 on Bottom Overlay
[silk_overlap]: Silkscreen overlap
    Rule: board setup constraints silk; warning
    @(161.9761 mm, 77.7036 mm): Segment of C24 on Bottom Overlay
    @(163.6261 mm, 77.7036 mm): Segment of C22 on Bottom Overlay
[silk_overlap]: Silkscreen overlap
    Rule: board setup constraints silk; warning
    @(163.6261 mm, 77.7036 mm): Segment of C22 on Bottom Overlay
    @(163.5761 mm, 77.7036 mm): Segment of C24 on Bottom Overlay
[silk_overlap]: Silkscreen overlap
    Rule: board setup constraints silk; warning
    @(163.6261 mm, 77.7036 mm): Segment of C22 on Bottom Overlay
    @(161.9761 mm, 77.7036 mm): Segment of C24 on Bottom Overlay
[nonmirrored_text_on_back_layer]: Non-Mirrored text on back layer
    Local override; warning
    @(252.9711 mm, 197.0736 mm): PCB text 'BOM NO.:' on M13 Assy Top Comm
[nonmirrored_text_on_back_layer]: Non-Mirrored text on back layer
    Local override; warning
    @(266.3511 mm, 198.2253 mm): PCB text '3000-653-002' on M13 Assy Top Comm
[nonmirrored_text_on_back_layer]: Non-Mirrored text on back layer
    Local override; warning
    @(266.8511 mm, 186.3753 mm): PCB text 'Assembly drawing comments - TOP' on M13 Assy Top Comm
[nonmirrored_text_on_back_layer]: Non-Mirrored text on back layer
    Local override; warning
    @(130.4454 mm, 123.4229 mm): Value field of SW2 (EVP-BB2A9B000)

** Found 0 unconnected pads **

** Found 53 Footprint errors **
[net_conflict]: Pad missing net given by schematic (unconnected-(J5-VPP-Pad6)).
    Local override; warning
    @(166.8311 mm, 135.5236 mm): Pad 6 [<no net>] of J5 on Bottom Layer
[net_conflict]: Pad missing net given by schematic (unconnected-(J6-NC1-Pad1)).
    Local override; warning
    @(157.7511 mm, 120.2786 mm): Pad 1 [<no net>] of J6 on Top Layer
[net_conflict]: Pad missing net given by schematic (unconnected-(J6-NC15-Pad15)).
    Local override; warning
    @(154.2511 mm, 120.2786 mm): Pad 15 [<no net>] of J6 on Top Layer
[net_conflict]: Pad missing net given by schematic (unconnected-(J6-NC17-Pad17)).
    Local override; warning
    @(153.7511 mm, 120.2786 mm): Pad 17 [<no net>] of J6 on Top Layer
[net_conflict]: Pad missing net given by schematic (unconnected-(J6-NC19-Pad19)).
    Local override; warning
    @(153.2511 mm, 120.2786 mm): Pad 19 [<no net>] of J6 on Top Layer
[net_conflict]: Pad missing net given by schematic (unconnected-(J6-NC21-Pad21)).
    Local override; warning
    @(152.7511 mm, 120.2786 mm): Pad 21 [<no net>] of J6 on Top Layer
[net_conflict]: Pad missing net given by schematic (unconnected-(J6-NC23-Pad23)).
    Local override; warning
    @(152.2511 mm, 120.2786 mm): Pad 23 [<no net>] of J6 on Top Layer
[net_conflict]: Pad missing net given by schematic (unconnected-(J6-NC35-Pad35)).
    Local override; warning
    @(149.2511 mm, 120.2786 mm): Pad 35 [<no net>] of J6 on Top Layer
[net_conflict]: Pad missing net given by schematic (unconnected-(J6-NC37-Pad37)).
    Local override; warning
    @(148.7511 mm, 120.2786 mm): Pad 37 [<no net>] of J6 on Top Layer
[net_conflict]: Pad missing net given by schematic (unconnected-(J6-NC44-Pad44)).
    Local override; warning
    @(147.0011 mm, 112.7286 mm): Pad 44 [<no net>] of J6 on Top Layer
[net_conflict]: Pad missing net given by schematic (unconnected-(J6-NC53-Pad53)).
    Local override; warning
    @(144.7511 mm, 120.2786 mm): Pad 53 [<no net>] of J6 on Top Layer
[net_conflict]: Pad missing net given by schematic (unconnected-(J6-NC55-Pad55)).
    Local override; warning
    @(144.2511 mm, 120.2786 mm): Pad 55 [<no net>] of J6 on Top Layer
[net_conflict]: Pad missing net given by schematic (unconnected-(J6-NC59-Pad59)).
    Local override; warning
    @(143.2511 mm, 120.2786 mm): Pad 59 [<no net>] of J6 on Top Layer
[net_conflict]: Pad missing net given by schematic (unconnected-(J6-NC61-Pad61)).
    Local override; warning
    @(142.7511 mm, 120.2786 mm): Pad 61 [<no net>] of J6 on Top Layer
[net_conflict]: Pad missing net given by schematic (unconnected-(J6-NC63-Pad63)).
    Local override; warning
    @(142.2511 mm, 120.2786 mm): Pad 63 [<no net>] of J6 on Top Layer
[net_conflict]: Pad missing net given by schematic (unconnected-(J6-NC66-Pad66)).
    Local override; warning
    @(141.5011 mm, 112.7286 mm): Pad 66 [<no net>] of J6 on Top Layer
[net_conflict]: Pad missing net given by schematic (unconnected-(J6-NC68-Pad68)).
    Local override; warning
    @(141.0011 mm, 112.7286 mm): Pad 68 [<no net>] of J6 on Top Layer
[net_conflict]: Pad missing net given by schematic (unconnected-(J6-NC69-Pad69)).
    Local override; warning
    @(140.7511 mm, 120.2786 mm): Pad 69 [<no net>] of J6 on Top Layer
[net_conflict]: Pad missing net given by schematic (unconnected-(J6-NC75-Pad75)).
    Local override; warning
    @(139.2511 mm, 120.2786 mm): Pad 75 [<no net>] of J6 on Top Layer
[net_conflict]: Pad missing net given by schematic (unconnected-(SW1-Pad3)).
    Local override; warning
    @(160.2511 mm, 89.3536 mm): Pad 3 [<no net>] of SW1 on Bottom Layer
[net_conflict]: No pad found for pin 3 in schematic.
    Local override; warning
    @(173.9011 mm, 125.0736 mm): Footprint MOD2
[net_conflict]: No pad found for pin 2 in schematic.
    Local override; warning
    @(173.9011 mm, 125.0736 mm): Footprint MOD2
[net_conflict]: No pad found for pin 5 in schematic.
    Local override; warning
    @(173.9011 mm, 125.0736 mm): Footprint MOD2
[net_conflict]: No pad found for pin 6 in schematic.
    Local override; warning
    @(173.9011 mm, 125.0736 mm): Footprint MOD2
[net_conflict]: No pad found for pin 7 in schematic.
    Local override; warning
    @(173.9011 mm, 125.0736 mm): Footprint MOD2
[net_conflict]: No pad found for pin 8 in schematic.
    Local override; warning
    @(173.9011 mm, 125.0736 mm): Footprint MOD2
[net_conflict]: No pad found for pin 9 in schematic.
    Local override; warning
    @(173.9011 mm, 125.0736 mm): Footprint MOD2
[net_conflict]: No pad found for pin 10 in schematic.
    Local override; warning
    @(173.9011 mm, 125.0736 mm): Footprint MOD2
[net_conflict]: No pad found for pin 16 in schematic.
    Local override; warning
    @(173.9011 mm, 125.0736 mm): Footprint MOD2
[net_conflict]: No pad found for pin 14 in schematic.
    Local override; warning
    @(173.9011 mm, 125.0736 mm): Footprint MOD2
[net_conflict]: No pad found for pin 15 in schematic.
    Local override; warning
    @(173.9011 mm, 125.0736 mm): Footprint MOD2
[net_conflict]: No pad found for pin 19 in schematic.
    Local override; warning
    @(173.9011 mm, 125.0736 mm): Footprint MOD2
[net_conflict]: No pad found for pin 20 in schematic.
    Local override; warning
    @(173.9011 mm, 125.0736 mm): Footprint MOD2
[net_conflict]: No pad found for pin 21 in schematic.
    Local override; warning
    @(173.9011 mm, 125.0736 mm): Footprint MOD2
[net_conflict]: No pad found for pin 22 in schematic.
    Local override; warning
    @(173.9011 mm, 125.0736 mm): Footprint MOD2
[net_conflict]: No pad found for pin 23 in schematic.
    Local override; warning
    @(173.9011 mm, 125.0736 mm): Footprint MOD2
[net_conflict]: No pad found for pin 24 in schematic.
    Local override; warning
    @(173.9011 mm, 125.0736 mm): Footprint MOD2
[net_conflict]: No pad found for pin 25 in schematic.
    Local override; warning
    @(173.9011 mm, 125.0736 mm): Footprint MOD2
[net_conflict]: No pad found for pin 27 in schematic.
    Local override; warning
    @(173.9011 mm, 125.0736 mm): Footprint MOD2
[net_conflict]: No pad found for pin 4 in schematic.
    Local override; warning
    @(173.9011 mm, 125.0736 mm): Footprint MOD2
[net_conflict]: No pad found for pin 13 in schematic.
    Local override; warning
    @(173.9011 mm, 125.0736 mm): Footprint MOD2
[net_conflict]: No pad found for pin 12 in schematic.
    Local override; warning
    @(173.9011 mm, 125.0736 mm): Footprint MOD2
[net_conflict]: No pad found for pin 1 in schematic.
    Local override; warning
    @(173.9011 mm, 125.0736 mm): Footprint MOD2
[net_conflict]: No pad found for pin 11 in schematic.
    Local override; warning
    @(173.9011 mm, 125.0736 mm): Footprint MOD2
[net_conflict]: No pad found for pin 18 in schematic.
    Local override; warning
    @(173.9011 mm, 125.0736 mm): Footprint MOD2
[net_conflict]: No pad found for pin 17 in schematic.
    Local override; warning
    @(173.9011 mm, 125.0736 mm): Footprint MOD2
[net_conflict]: No pad found for pin 28 in schematic.
    Local override; warning
    @(173.9011 mm, 125.0736 mm): Footprint MOD2
[net_conflict]: No pad found for pin 26 in schematic.
    Local override; warning
    @(173.9011 mm, 125.0736 mm): Footprint MOD2
[net_conflict]: Pad missing net given by schematic (unconnected-(TVS3-C1-Pad1)).
    Local override; warning
    @(137.9261 mm, 154.1086 mm): Pad 1 [<no net>] of TVS3 on Bottom Layer
[net_conflict]: Pad missing net given by schematic (unconnected-(U2-VDPM-Pad9)).
    Local override; warning
    @(156.3041 mm, 66.4066 mm): Pad 9 [<no net>] of U2 on Bottom Layer
[net_conflict]: Pad missing net given by schematic (unconnected-(U3-PG-Pad14)).
    Local override; warning
    @(155.5261 mm, 73.4786 mm): Pad 14 [<no net>] of U3 on Bottom Layer
[net_conflict]: Pad missing net given by schematic (unconnected-(U8-LOAD-PadD2)).
    Local override; warning
    @(146.0011 mm, 73.6136 mm): Pad D2 [<no net>] of U8 on Bottom Layer
[net_conflict]: Pad missing net given by schematic (unconnected-(U9-NC-Pad4)).
    Local override; warning
    @(140.1479 mm, 141.8786 mm): Pad 4 [<no net>] of U9 on Bottom Layer

** End of Report **
