ERC report (2026-08-01T16:09:55-0500, Encoding UTF8)
Report includes: Errors, Warnings, Exclusions

***** Sheet /
[lib_symbol_issues]: Symbol 'power_VIO#_Source' not found in symbol library 'blues-kicad-lib'
    ; warning
    @(45.72 mm, 33.02 mm): Symbol #PWR012 [power_VIO#_Source]
[power_pin_not_driven]: Input Power pin not driven by any Output Power pins
    ; warning
    @(45.72 mm, 33.02 mm): Symbol #PWR012 Hidden pin 1 [VIO#, Power input, Line]
[lib_symbol_issues]: The current configuration does not include the symbol library 'Connector_Generic'
    ; warning
    @(77.47 mm, 55.88 mm): Symbol J1 [Conn_02x20_Odd_Even]
[lib_symbol_issues]: The current configuration does not include the symbol library 'Device'
    ; warning
    @(55.88 mm, 78.74 mm): Symbol C1 [C_Small]
[lib_symbol_issues]: The current configuration does not include the symbol library 'power'
    ; warning
    @(50.80 mm, 90.17 mm): Symbol #PWR013 [GND]
[power_pin_not_driven]: Input Power pin not driven by any Output Power pins
    ; warning
    @(115.57 mm, 33.02 mm): Symbol #PWR011 Hidden pin 1 [V+, Power input, Line]
[lib_symbol_issues]: The current configuration does not include the symbol library 'Device'
    ; warning
    @(113.03 mm, 78.74 mm): Symbol C2 [C_Small]
[lib_symbol_issues]: The current configuration does not include the symbol library 'Device'
    ; warning
    @(187.96 mm, 35.56 mm): Symbol DS1 [D_Schottky_Filled]
[lib_symbol_issues]: The current configuration does not include the symbol library 'Device'
    ; warning
    @(187.96 mm, 46.99 mm): Symbol DS2 [D_Schottky_Filled]
[lib_symbol_issues]: Symbol 'power_VIO' not found in symbol library 'blues-kicad-lib'
    ; warning
    @(160.02 mm, 132.08 mm): Symbol #PWR01 [power_VIO]
[power_pin_not_driven]: Input Power pin not driven by any Output Power pins
    ; warning
    @(160.02 mm, 132.08 mm): Symbol #PWR01 Hidden pin 1 [VIO, Power input, Line]
[lib_symbol_issues]: The current configuration does not include the symbol library 'power'
    ; warning
    @(203.20 mm, 49.53 mm): Symbol #PWR017 [GND]
[lib_symbol_issues]: The current configuration does not include the symbol library 'power'
    ; warning
    @(189.23 mm, 93.98 mm): Symbol #PWR200 [GND]
[lib_symbol_issues]: The current configuration does not include the symbol library 'Device'
    ; warning
    @(168.91 mm, 132.08 mm): Symbol F1 [Fuse]
[lib_symbol_issues]: The current configuration does not include the symbol library 'power'
    ; warning
    @(189.23 mm, 110.49 mm): Symbol #PWR202 [GND]
[lib_symbol_issues]: The current configuration does not include the symbol library 'power'
    ; warning
    @(175.26 mm, 132.08 mm): Symbol #FLG01 [PWR_FLAG]
[lib_symbol_issues]: The current configuration does not include the symbol library 'Device'
    ; warning
    @(130.81 mm, 179.07 mm): Symbol R6 [R]
[lib_symbol_issues]: The current configuration does not include the symbol library 'Device'
    ; warning
    @(130.81 mm, 181.61 mm): Symbol R8 [R]
[lib_symbol_issues]: The current configuration does not include the symbol library 'Device'
    ; warning
    @(148.59 mm, 179.07 mm): Symbol R7 [R]
[lib_symbol_issues]: The current configuration does not include the symbol library 'Device'
    ; warning
    @(148.59 mm, 181.61 mm): Symbol R9 [R]
[lib_symbol_issues]: The current configuration does not include the symbol library 'Switch'
    ; warning
    @(170.18 mm, 165.10 mm): Symbol DSW1 [SW_DIP_x01]
[lib_symbol_issues]: The current configuration does not include the symbol library 'Device'
    ; warning
    @(130.81 mm, 201.93 mm): Symbol R10 [R]
[lib_symbol_issues]: The current configuration does not include the symbol library 'Device'
    ; warning
    @(130.81 mm, 204.47 mm): Symbol R12 [R]
[lib_symbol_issues]: The current configuration does not include the symbol library 'power'
    ; warning
    @(185.42 mm, 165.10 mm): Symbol #FLG03 [PWR_FLAG]
[lib_symbol_issues]: The current configuration does not include the symbol library 'Device'
    ; warning
    @(148.59 mm, 201.93 mm): Symbol R11 [R]
[lib_symbol_issues]: The current configuration does not include the symbol library 'Device'
    ; warning
    @(148.59 mm, 204.47 mm): Symbol R13 [R]
[lib_symbol_issues]: The current configuration does not include the symbol library 'Switch'
    ; warning
    @(170.18 mm, 191.77 mm): Symbol DSW3 [SW_DIP_x01]
[lib_symbol_issues]: The current configuration does not include the symbol library 'Connector'
    ; warning
    @(191.77 mm, 176.53 mm): Symbol TP6 [TestPoint]
[lib_symbol_issues]: The current configuration does not include the symbol library 'Switch'
    ; warning
    @(170.18 mm, 212.09 mm): Symbol DSW2 [SW_DIP_x01]
[lib_symbol_issues]: Symbol 'power_VMODEM' not found in symbol library 'blues-kicad-lib'
    ; warning
    @(162.56 mm, 222.25 mm): Symbol #PWR03 [power_VMODEM]
[power_pin_not_driven]: Input Power pin not driven by any Output Power pins
    ; warning
    @(162.56 mm, 222.25 mm): Symbol #PWR03 Hidden pin 1 [VMODEM, Power input, Line]
[lib_symbol_mismatch]: Symbol 'MDT420E01001' doesn't match copy in library 'blues-kicad-lib'
    ; warning
    @(215.90 mm, 176.53 mm): Symbol J3 [MDT420E01001]
[lib_symbol_issues]: The current configuration does not include the symbol library 'Device'
    ; warning
    @(168.91 mm, 222.25 mm): Symbol F2 [Fuse]
[lib_symbol_issues]: The current configuration does not include the symbol library 'Device'
    ; warning
    @(280.67 mm, 38.10 mm): Symbol R1 [R]
[lib_symbol_issues]: The current configuration does not include the symbol library 'Device'
    ; warning
    @(280.67 mm, 40.64 mm): Symbol R3 [R]
[lib_symbol_issues]: The current configuration does not include the symbol library 'Device'
    ; warning
    @(280.67 mm, 43.18 mm): Symbol R2 [R]
[lib_symbol_issues]: The current configuration does not include the symbol library 'power'
    ; warning
    @(177.80 mm, 222.25 mm): Symbol #FLG02 [PWR_FLAG]
[lib_symbol_issues]: The current configuration does not include the symbol library 'power'
    ; warning
    @(190.50 mm, 232.41 mm): Symbol #PWR05 [GND]
[lib_symbol_issues]: The current configuration does not include the symbol library 'Device'
    ; warning
    @(299.72 mm, 48.26 mm): Symbol R4 [R]
[lib_symbol_issues]: The current configuration does not include the symbol library 'Device'
    ; warning
    @(264.16 mm, 156.21 mm): Symbol C7 [C_Small]
[lib_symbol_issues]: The current configuration does not include the symbol library 'power'
    ; warning
    @(264.16 mm, 172.72 mm): Symbol #PWR09 [GND]
[lib_symbol_issues]: The current configuration does not include the symbol library 'Connector'
    ; warning
    @(240.03 mm, 209.55 mm): Symbol TP7 [TestPoint]
[lib_symbol_issues]: The current configuration does not include the symbol library 'Device'
    ; warning
    @(309.88 mm, 78.74 mm): Symbol C3 [C_Small]
[lib_symbol_issues]: The current configuration does not include the symbol library 'Device'
    ; warning
    @(312.42 mm, 78.74 mm): Symbol C4 [C_Small]
[lib_symbol_issues]: The current configuration does not include the symbol library 'power'
    ; warning
    @(309.88 mm, 90.17 mm): Symbol #PWR020 [GND]
[lib_symbol_issues]: The current configuration does not include the symbol library 'Device'
    ; warning
    @(314.96 mm, 78.74 mm): Symbol C5 [C_Small]
[lib_symbol_issues]: The current configuration does not include the symbol library 'Connector'
    ; warning
    @(293.37 mm, 139.70 mm): Symbol J4 [USB_B_Micro]
[lib_symbol_issues]: The current configuration does not include the symbol library 'Device'
    ; warning
    @(281.94 mm, 165.10 mm): Symbol C8 [C_Small]
[lib_symbol_issues]: The current configuration does not include the symbol library 'Device'
    ; warning
    @(317.50 mm, 78.74 mm): Symbol C6 [C_Small]
[lib_symbol_issues]: The current configuration does not include the symbol library 'power'
    ; warning
    @(182.88 mm, 271.78 mm): Symbol #PWR036 [GND]
[lib_symbol_issues]: The current configuration does not include the symbol library 'Device'
    ; warning
    @(281.94 mm, 170.18 mm): Symbol R5 [R]
[lib_symbol_issues]: The current configuration does not include the symbol library 'Device'
    ; warning
    @(311.15 mm, 134.62 mm): Symbol R23 [R]
[lib_symbol_issues]: The current configuration does not include the symbol library 'Device'
    ; warning
    @(316.23 mm, 134.62 mm): Symbol R25 [R]
[lib_symbol_issues]: The current configuration does not include the symbol library 'power'
    ; warning
    @(316.23 mm, 138.43 mm): Symbol #PWR208 [GND]
[lib_symbol_issues]: The current configuration does not include the symbol library 'Mechanical'
    ; warning
    @(226.06 mm, 261.62 mm): Symbol FID1 [Fiducial]
[lib_symbol_issues]: The current configuration does not include the symbol library 'Mechanical'
    ; warning
    @(232.41 mm, 261.62 mm): Symbol FID2 [Fiducial]
[lib_symbol_issues]: The current configuration does not include the symbol library 'Device'
    ; warning
    @(322.58 mm, 135.89 mm): Symbol C16 [C_Small]
[lib_symbol_issues]: The current configuration does not include the symbol library 'Mechanical'
    ; warning
    @(226.06 mm, 267.97 mm): Symbol FID3 [Fiducial]
[lib_symbol_issues]: The current configuration does not include the symbol library 'power'
    ; warning
    @(322.58 mm, 140.97 mm): Symbol #PWR206 [GND]
[lib_symbol_issues]: The current configuration does not include the symbol library 'Mechanical'
    ; warning
    @(232.41 mm, 267.97 mm): Symbol FID4 [Fiducial]
[lib_symbol_issues]: The current configuration does not include the symbol library 'power'
    ; warning
    @(327.66 mm, 140.97 mm): Symbol #PWR205 [GND]
[lib_symbol_issues]: The current configuration does not include the symbol library 'Mechanical'
    ; warning
    @(242.57 mm, 261.62 mm): Symbol H1 [MountingHole]
[lib_symbol_issues]: The current configuration does not include the symbol library 'Mechanical'
    ; warning
    @(248.92 mm, 261.62 mm): Symbol H2 [MountingHole]
[lib_symbol_issues]: The current configuration does not include the symbol library 'Mechanical'
    ; warning
    @(242.57 mm, 267.97 mm): Symbol H3 [MountingHole]
[lib_symbol_issues]: The current configuration does not include the symbol library 'Notecarrier-Pi-local'
    ; warning
    @(340.36 mm, 133.35 mm): Symbol U3 [AP62250WU-7]
[lib_symbol_issues]: The current configuration does not include the symbol library 'Mechanical'
    ; warning
    @(248.92 mm, 267.97 mm): Symbol H4 [MountingHole]
[lib_symbol_issues]: Symbol 'power_VIO#' not found in symbol library 'blues-kicad-lib'
    ; warning
    @(334.01 mm, 151.13 mm): Symbol #PWR216 [power_VIO#]
[lib_symbol_issues]: Symbol 'power_3V3' not found in symbol library 'blues-kicad-lib'
    ; warning
    @(334.01 mm, 161.29 mm): Symbol #PWR218 [power_3V3]
[lib_symbol_issues]: The current configuration does not include the symbol library 'Notecarrier-Pi-local'
    ; warning
    @(340.36 mm, 153.67 mm): Symbol DS3 [FSV1045V]
[lib_symbol_issues]: The current configuration does not include the symbol library 'Notecarrier-Pi-local'
    ; warning
    @(340.36 mm, 163.83 mm): Symbol DS4 [FSV1045V]
[lib_symbol_issues]: Symbol 'power_VIO' not found in symbol library 'blues-kicad-lib'
    ; warning
    @(346.71 mm, 153.67 mm): Symbol #PWR217 [power_VIO]
[lib_symbol_issues]: The current configuration does not include the symbol library 'Device'
    ; warning
    @(358.14 mm, 133.35 mm): Symbol C13 [C_Small]
[lib_symbol_issues]: Symbol 'power_VIO' not found in symbol library 'blues-kicad-lib'
    ; warning
    @(346.71 mm, 163.83 mm): Symbol #PWR219 [power_VIO]
[lib_symbol_issues]: The current configuration does not include the symbol library 'Device'
    ; warning
    @(365.76 mm, 133.35 mm): Symbol L4 [L]
[lib_symbol_issues]: The current configuration does not include the symbol library 'Device'
    ; warning
    @(372.11 mm, 134.62 mm): Symbol R22 [R]
[lib_symbol_issues]: The current configuration does not include the symbol library 'Device'
    ; warning
    @(377.19 mm, 134.62 mm): Symbol R26 [R]
[lib_symbol_issues]: The current configuration does not include the symbol library 'power'
    ; warning
    @(377.19 mm, 138.43 mm): Symbol #PWR209 [GND]
[lib_symbol_issues]: The current configuration does not include the symbol library 'Device'
    ; warning
    @(382.27 mm, 133.35 mm): Symbol C17 [C_Small]
[lib_symbol_issues]: The current configuration does not include the symbol library 'power'
    ; warning
    @(382.27 mm, 135.89 mm): Symbol #PWR210 [GND]
[lib_symbol_issues]: The current configuration does not include the symbol library 'Device'
    ; warning
    @(387.35 mm, 133.35 mm): Symbol C14 [C_Small]
[lib_symbol_issues]: The current configuration does not include the symbol library 'power'
    ; warning
    @(387.35 mm, 135.89 mm): Symbol #PWR211 [GND]
[lib_symbol_issues]: The current configuration does not include the symbol library 'Device'
    ; warning
    @(392.43 mm, 133.35 mm): Symbol C15 [C_Small]
[lib_symbol_issues]: The current configuration does not include the symbol library 'power'
    ; warning
    @(392.43 mm, 135.89 mm): Symbol #PWR212 [GND]
[lib_symbol_issues]: The current configuration does not include the symbol library 'Device'
    ; warning
    @(397.51 mm, 134.62 mm): Symbol R19 [R]
[lib_symbol_issues]: Symbol 'power_3V3_Source' not found in symbol library 'blues-kicad-lib'
    ; warning
    @(397.51 mm, 138.43 mm): Symbol #PWR213 [power_3V3_Source]
[power_pin_not_driven]: Input Power pin not driven by any Output Power pins
    ; warning
    @(397.51 mm, 138.43 mm): Symbol #PWR213 Hidden pin 1 [3V3, Power input, Line]
[lib_symbol_issues]: The current configuration does not include the symbol library 'Device'
    ; warning
    @(402.59 mm, 134.62 mm): Symbol R20 [R]
[lib_symbol_issues]: Symbol 'power_3V3' not found in symbol library 'blues-kicad-lib'
    ; warning
    @(402.59 mm, 138.43 mm): Symbol #PWR214 [power_3V3]
[lib_symbol_issues]: The current configuration does not include the symbol library 'Connector'
    ; warning
    @(407.67 mm, 133.35 mm): Symbol TP5 [TestPoint]
[lib_symbol_issues]: Symbol 'power_3V3' not found in symbol library 'blues-kicad-lib'
    ; warning
    @(407.67 mm, 135.89 mm): Symbol #PWR215 [power_3V3]

 ** ERC messages: 90  Errors 0  Warnings 90
